---
source: tests/tile_geometry.rs
expression: summarize(&objects)
input_file: tests/fixtures/tiles/14_8580_5737.pbf
---
TileSummary {
    object_count: 11478,
    polygons: 3969,
    lines: 1605,
    points: 5904,
    polygon_rings: 4098,
    multi_ring_polygons: 46,
    by_selector: {
        "(background)": 1,
        "(layer.alcohol_shop[name=poi])": 20,
        "(layer.art_gallery[name=poi])": 110,
        "(layer.atm[name=poi])": 38,
        "(layer.attraction[name=poi])": 10,
        "(layer.bakery[name=poi])": 15,
        "(layer.bank[name=poi])": 29,
        "(layer.bar[name=poi])": 152,
        "(layer.beer[name=poi])": 35,
        "(layer.bicycle[name=poi])": 21,
        "(layer.bicycle_parking[name=poi])": 377,
        "(layer.bicycle_rental[name=poi])": 30,
        "(layer.bollard[name=poi])": 71,
        "(layer.bridge[name=transportation])": 20,
        "(layer.bus[name=poi])": 25,
        "(layer.bus_station[name=landuse])": 1,
        "(layer.busway[name=transportation])": 2,
        "(layer.butcher[name=poi])": 1,
        "(layer.cafe[name=poi])": 132,
        "(layer.canal[name=waterway])": 2,
        "(layer.car[name=poi])": 9,
        "(layer.chess[name=poi])": 3,
        "(layer.cinema[name=poi])": 10,
        "(layer.city[name=place])": 1,
        "(layer.clothing_store[name=poi])": 338,
        "(layer.college[name=landuse])": 1,
        "(layer.college[name=poi])": 23,
        "(layer.commercial[name=landuse])": 1,
        "(layer.cycle_barrier[name=poi])": 4,
        "(layer.cycling[name=poi])": 1,
        "(layer.dentist[name=poi])": 15,
        "(layer.doctors[name=poi])": 28,
        "(layer.dog_park[name=poi])": 1,
        "(layer.drinking_water[name=poi])": 129,
        "(layer.entrance[name=poi])": 3,
        "(layer.escape_game[name=poi])": 3,
        "(layer.fast_food[name=poi])": 145,
        "(layer.ferry[name=transportation])": 1,
        "(layer.ferry_terminal[name=poi])": 3,
        "(layer.fire_station[name=poi])": 1,
        "(layer.fuel[name=poi])": 12,
        "(layer.garden[name=poi])": 34,
        "(layer.gate[name=poi])": 154,
        "(layer.grass[name=landcover])": 166,
        "(layer.grocery[name=poi])": 43,
        "(layer.hackerspace[name=poi])": 2,
        "(layer.hairdresser[name=poi])": 148,
        "(layer.hospital[name=poi])": 11,
        "(layer.ice_cream[name=poi])": 11,
        "(layer.ice_rink[name=poi])": 1,
        "(layer.information[name=poi])": 91,
        "(layer.kindergarten[name=landuse])": 1,
        "(layer.lake[name=water])": 7,
        "(layer.lake[name=water_name])": 5,
        "(layer.laundry[name=poi])": 6,
        "(layer.library[name=landuse])": 7,
        "(layer.library[name=poi])": 51,
        "(layer.lift_gate[name=poi])": 18,
        "(layer.lodging[name=poi])": 72,
        "(layer.minor[name=transportation])": 241,
        "(layer.minor[name=transportation_name])": 179,
        "(layer.minor_construction[name=transportation])": 2,
        "(layer.minor_construction[name=transportation_name])": 2,
        "(layer.motorcycle_parking[name=poi])": 44,
        "(layer.multi[name=poi])": 1,
        "(layer.museum[name=poi])": 16,
        "(layer.music[name=poi])": 13,
        "(layer.office[name=poi])": 234,
        "(layer.park[name=poi])": 24,
        "(layer.parking[name=poi])": 826,
        "(layer.path[name=transportation])": 343,
        "(layer.path[name=transportation_name])": 242,
        "(layer.path_construction[name=transportation])": 2,
        "(layer.pharmacy[name=poi])": 23,
        "(layer.picnic_site[name=poi])": 6,
        "(layer.pier[name=transportation])": 19,
        "(layer.pitch[name=landuse])": 22,
        "(layer.pitch[name=poi])": 42,
        "(layer.place_of_worship[name=poi])": 22,
        "(layer.playground[name=landuse])": 7,
        "(layer.playground[name=poi])": 15,
        "(layer.police[name=poi])": 6,
        "(layer.pond[name=water])": 2,
        "(layer.post[name=poi])": 56,
        "(layer.primary[name=transportation])": 34,
        "(layer.primary[name=transportation_name])": 11,
        "(layer.prison[name=poi])": 1,
        "(layer.quarter[name=place])": 5,
        "(layer.rail[name=transportation])": 22,
        "(layer.railway[name=landuse])": 1,
        "(layer.railway[name=poi])": 67,
        "(layer.recycling[name=poi])": 41,
        "(layer.residential[name=landuse])": 11,
        "(layer.restaurant[name=poi])": 380,
        "(layer.retail[name=landuse])": 1,
        "(layer.river[name=water])": 5,
        "(layer.river[name=waterway])": 4,
        "(layer.school[name=landuse])": 10,
        "(layer.school[name=poi])": 37,
        "(layer.service[name=transportation])": 230,
        "(layer.service[name=transportation_name])": 56,
        "(layer.shelter[name=poi])": 53,
        "(layer.shop[name=poi])": 750,
        "(layer.sports_centre[name=poi])": 5,
        "(layer.stream[name=waterway])": 1,
        "(layer.suburb[name=landuse])": 20,
        "(layer.suburb[name=place])": 1,
        "(layer.swimming[name=poi])": 3,
        "(layer.swimming_pool[name=poi])": 3,
        "(layer.swimming_pool[name=water])": 3,
        "(layer.table_tennis[name=poi])": 1,
        "(layer.telephone[name=poi])": 7,
        "(layer.tertiary[name=transportation])": 234,
        "(layer.tertiary[name=transportation_name])": 56,
        "(layer.tertiary_construction[name=transportation])": 2,
        "(layer.tertiary_construction[name=transportation_name])": 2,
        "(layer.theatre[name=poi])": 8,
        "(layer.toilets[name=poi])": 45,
        "(layer.town_hall[name=poi])": 19,
        "(layer.track[name=landuse])": 1,
        "(layer.transit[name=transportation])": 6,
        "(layer.university[name=landuse])": 6,
        "(layer.waste_basket[name=poi])": 411,
        "(layer.wood[name=landcover])": 3,
        "(layer.yoga[name=poi])": 7,
        "(layer[name=boundary])": 2,
        "(layer[name=building])": 3581,
        "(layer[name=housenumber])": 291,
    },
}
